Java HotSpot(TM) 64-Bit Server VM (25.31-b07) for windows-amd64 JRE (1.8.0_31-b13), built on Dec 17 2014 21:00:28 by "java_re" with MS VC++ 10.0 (VS2010)
Memory: 4k page, physical 15987812k(8581316k free), swap 18347108k(6039392k free)
CommandLine flags: -XX:-BytecodeVerificationLocal -XX:-BytecodeVerificationRemote -XX:InitialHeapSize=20971520 -XX:+ManagementServer
-XX:MaxHeapSize=20971520 -XX:MaxNewSize=6991872 -XX:MaxTenuringThreshold=6 -XX:NewSize=6991872 -XX:OldPLABSize=16 -XX:OldSize=13979648
-XX:+PrintGC -XX:+PrintGCDateStamps -XX:+PrintGCDetails -XX:+PrintGCTimeStamps -XX:TieredStopAtLevel=1 -XX:+UseCompressedClassPointers
-XX:+UseCompressedOops -XX:+UseConcMarkSweepGC -XX:-UseLargePagesIndividualAllocation -XX:+UseParNewGC
2022-12-18T18:53:24.746+0800: 0.140: [GC (Allocation Failure) 0.140: [ParNew: 5503K->640K(6144K), 0.0072410 secs] 5503K->1163K(19840K), 0.0074190 secs] [Times: user=0.00 sys=0.00, real=0.01 secs] 
2022-12-18T18:53:24.983+0800: 0.376: [GC (Allocation Failure) 0.376: [ParNew: 6144K->640K(6144K), 0.0012059 secs] 6667K->2066K(19840K), 0.0012584 secs] [Times: user=0.02 sys=0.00, real=0.00 secs] 
2022-12-18T18:53:25.042+0800: 0.435: [GC (Allocation Failure) 0.435: [ParNew: 6137K->640K(6144K), 0.0012969 secs] 7564K->2730K(19840K), 0.0013474 secs] [Times: user=0.00 sys=0.00, real=0.00 secs] 
2022-12-18T18:53:25.084+0800: 0.478: [GC (Allocation Failure) 0.478: [ParNew: 6144K->639K(6144K), 0.0008951 secs] 8234K->3273K(19840K), 0.0009310 secs] [Times: user=0.00 sys=0.00, real=0.00 secs] 
2022-12-18T18:53:25.137+0800: 0.530: [GC (Allocation Failure) 0.530: [ParNew: 6143K->640K(6144K), 0.0010664 secs] 8777K->3767K(19840K), 0.0011096 secs] [Times: user=0.00 sys=0.00, real=0.00 secs] 
2022-12-18T18:53:25.191+0800: 0.584: [GC (Allocation Failure) 0.584: [ParNew: 6144K->640K(6144K), 0.0010036 secs] 9271K->4145K(19840K), 0.0010520 secs] [Times: user=0.00 sys=0.00, real=0.00 secs] 
2022-12-18T18:53:25.256+0800: 0.649: [GC (Allocation Failure) 0.649: [ParNew: 6144K->640K(6144K), 0.0014593 secs] 9649K->4638K(19840K), 0.0015053 secs] [Times: user=0.00 sys=0.00, real=0.00 secs] 
2022-12-18T18:53:25.310+0800: 0.704: [GC (Allocation Failure) 0.704: [ParNew: 6144K->639K(6144K), 0.0016909 secs] 10142K->5229K(19840K), 0.0017373 secs] [Times: user=0.00 sys=0.00, real=0.00 secs] 
2022-12-18T18:53:25.374+0800: 0.768: [GC (Allocation Failure) 0.768: [ParNew: 6143K->639K(6144K), 0.0014483 secs] 10733K->5583K(19840K), 0.0014987 secs] [Times: user=0.00 sys=0.00, real=0.00 secs] 
2022-12-18T18:53:25.402+0800: 0.796: [GC (Allocation Failure) 0.796: [ParNew: 6135K->639K(6144K), 0.0018559 secs] 11078K->6131K(19840K), 0.0019119 secs] [Times: user=0.00 sys=0.00, real=0.00 secs] 
2022-12-18T18:53:25.422+0800: 0.815: [GC (Allocation Failure) 0.815: [ParNew: 6143K->639K(6144K), 0.0010865 secs] 11635K->6566K(19840K), 0.0011237 secs] [Times: user=0.00 sys=0.00, real=0.00 secs] 
2022-12-18T18:53:25.445+0800: 0.838: [GC (GCLocker Initiated GC) 0.838: [ParNew: 6143K->640K(6144K), 0.0012357 secs] 12075K->6879K(19840K), 0.0012785 secs] [Times: user=0.00 sys=0.00, real=0.00 secs] 
2022-12-18T18:53:25.463+0800: 0.856: [GC (Allocation Failure) 0.857: [ParNew: 6080K->639K(6144K), 0.0011601 secs] 12320K->7289K(19840K), 0.0011972 secs] [Times: user=0.00 sys=0.00, real=0.00 secs] 
2022-12-18T18:53:25.483+0800: 0.877: [GC (Allocation Failure) 0.877: [ParNew: 6139K->639K(6144K), 0.0014939 secs] 12788K->7714K(19840K), 0.0015391 secs] [Times: user=0.00 sys=0.00, real=0.00 secs] 
2022-12-18T18:53:25.485+0800: 0.879: [GC (CMS Initial Mark) [1 CMS-initial-mark: 7074K(13696K)] 7878K(19840K), 0.0003662 secs] [Times: user=0.00 sys=0.00, real=0.00 secs] 
2022-12-18T18:53:25.486+0800: 0.879: [CMS-concurrent-mark-start]
2022-12-18T18:53:25.488+0800: 0.882: [CMS-concurrent-mark: 0.003/0.003 secs] [Times: user=0.00 sys=0.00, real=0.00 secs] 
2022-12-18T18:53:25.488+0800: 0.882: [CMS-concurrent-preclean-start]
2022-12-18T18:53:25.489+0800: 0.882: [CMS-concurrent-preclean: 0.000/0.000 secs] [Times: user=0.00 sys=0.00, real=0.00 secs] 
2022-12-18T18:53:25.489+0800: 0.882: [GC (CMS Final Remark) [YG occupancy: 1103 K (6144 K)]0.882: [Rescan (parallel) , 0.0003064 secs]0.883: [weak refs processing, 0.0001807 secs]0.883: [class unloading, 0.0022237 secs]0.885: [scrub symbol table, 0.0026636 secs]0.888: [scrub string table, 0.0003991 secs][1 CMS-remark: 7074K(13696K)] 8177K(19840K), 0.0063638 secs] [Times: user=0.00 sys=0.00, real=0.01 secs] 
2022-12-18T18:53:25.495+0800: 0.889: [CMS-concurrent-sweep-start]
2022-12-18T18:53:25.497+0800: 0.891: [CMS-concurrent-sweep: 0.002/0.002 secs] [Times: user=0.00 sys=0.00, real=0.00 secs] 
2022-12-18T18:53:25.497+0800: 0.891: [CMS-concurrent-reset-start]
2022-12-18T18:53:25.497+0800: 0.891: [CMS-concurrent-reset: 0.000/0.000 secs] [Times: user=0.00 sys=0.00, real=0.00 secs] 
2022-12-18T18:53:25.518+0800: 0.911: [GC (Allocation Failure) 0.911: [ParNew: 6143K->639K(6144K), 0.0011327 secs] 10461K->5333K(19840K), 0.0011776 secs] [Times: user=0.00 sys=0.00, real=0.00 secs] 
2022-12-18T18:53:25.562+0800: 0.956: [GC (Allocation Failure) 0.956: [ParNew: 6143K->637K(6144K), 0.0012361 secs] 10837K->5611K(19840K), 0.0012844 secs] [Times: user=0.00 sys=0.00, real=0.00 secs] 
2022-12-18T18:53:25.608+0800: 1.001: [GC (Allocation Failure) 1.001: [ParNew: 6141K->640K(6144K), 0.0010594 secs] 11115K->6125K(19840K), 0.0010983 secs] [Times: user=0.00 sys=0.00, real=0.00 secs] 
2022-12-18T18:53:25.638+0800: 1.031: [GC (Allocation Failure) 1.031: [ParNew: 6144K->640K(6144K), 0.0011519 secs] 11629K->7030K(19840K), 0.0011891 secs] [Times: user=0.00 sys=0.00, real=0.00 secs] 
2022-12-18T18:53:25.679+0800: 1.072: [GC (Allocation Failure) 1.072: [ParNew: 6144K->640K(6144K), 0.0014482 secs] 12534K->7724K(19840K), 0.0014839 secs] [Times: user=0.00 sys=0.00, real=0.00 secs] 
2022-12-18T18:53:25.711+0800: 1.104: [GC (Allocation Failure) 1.104: [ParNew: 6144K->639K(6144K), 0.0011155 secs] 13228K->8140K(19840K), 0.0011503 secs] [Times: user=0.00 sys=0.00, real=0.00 secs] 
2022-12-18T18:53:25.749+0800: 1.143: [GC (Allocation Failure) 1.143: [ParNew: 6143K->639K(6144K), 0.0015075 secs] 13644K->8571K(19840K), 0.0015597 secs] [Times: user=0.00 sys=0.00, real=0.00 secs] 
2022-12-18T18:53:25.780+0800: 1.173: [GC (Allocation Failure) 1.173: [ParNew: 6143K->640K(6144K), 0.0011497 secs] 14075K->9047K(19840K), 0.0011836 secs] [Times: user=0.00 sys=0.00, real=0.00 secs] 
2022-12-18T18:53:25.824+0800: 1.217: [GC (Allocation Failure) 1.217: [ParNew: 6144K->639K(6144K), 0.0013868 secs] 14551K->9489K(19840K), 0.0014305 secs] [Times: user=0.00 sys=0.00, real=0.00 secs] 
2022-12-18T18:53:25.872+0800: 1.265: [GC (Allocation Failure) 1.265: [ParNew: 6143K->639K(6144K), 0.0017370 secs] 14993K->10202K(19840K), 0.0017754 secs] [Times: user=0.00 sys=0.00, real=0.00 secs] 
2022-12-18T18:53:25.915+0800: 1.309: [GC (Allocation Failure) 1.309: [ParNew: 6143K->639K(6144K), 0.0014724 secs] 15706K->10495K(19840K), 0.0015225 secs] [Times: user=0.00 sys=0.00, real=0.00 secs] 
2022-12-18T18:53:25.953+0800: 1.346: [GC (Allocation Failure) 1.346: [ParNew: 6143K->639K(6144K), 0.0014498 secs] 15999K->11080K(19840K), 0.0014864 secs] [Times: user=0.00 sys=0.00, real=0.00 secs] 
2022-12-18T18:53:25.991+0800: 1.385: [GC (Allocation Failure) 1.385: [ParNew: 6143K->640K(6144K), 0.0020822 secs] 16584K->11611K(19840K), 0.0021311 secs] [Times: user=0.00 sys=0.00, real=0.00 secs] 
2022-12-18T18:53:26.026+0800: 1.419: [GC (Allocation Failure) 1.419: [ParNew: 6144K->640K(6144K), 0.0020281 secs] 17115K->12413K(19840K), 0.0020775 secs] [Times: user=0.00 sys=0.00, real=0.00 secs] 
2022-12-18T18:53:26.061+0800: 1.455: [GC (Allocation Failure) 1.455: [ParNew: 6144K->640K(6144K), 0.0019503 secs] 17917K->13157K(19840K), 0.0019995 secs] [Times: user=0.00 sys=0.00, real=0.00 secs] 
2022-12-18T18:53:26.063+0800: 1.457: [GC (CMS Initial Mark) [1 CMS-initial-mark: 12517K(13696K)] 13264K(19840K), 0.0003946 secs] [Times: user=0.00 sys=0.00, real=0.00 secs] 
2022-12-18T18:53:26.063+0800: 1.457: [CMS-concurrent-mark-start]
2022-12-18T18:53:26.067+0800: 1.460: [CMS-concurrent-mark: 0.003/0.003 secs] [Times: user=0.00 sys=0.00, real=0.00 secs] 
2022-12-18T18:53:26.067+0800: 1.460: [CMS-concurrent-preclean-start]
2022-12-18T18:53:26.067+0800: 1.461: [CMS-concurrent-preclean: 0.000/0.000 secs] [Times: user=0.00 sys=0.00, real=0.00 secs] 
2022-12-18T18:53:26.067+0800: 1.461: [GC (CMS Final Remark) [YG occupancy: 960 K (6144 K)]1.461: [Rescan (parallel) , 0.0002200 secs]1.461: [weak refs processing, 0.0002004 secs]1.461: [class unloading, 0.0034035 secs]1.464: [scrub symbol table, 0.0025911 secs]1.467: [scrub string table, 0.0002818 secs][1 CMS-remark: 12517K(13696K)] 13478K(19840K), 0.0073732 secs] [Times: user=0.00 sys=0.00, real=0.01 secs] 
2022-12-18T18:53:26.074+0800: 1.468: [CMS-concurrent-sweep-start]
2022-12-18T18:53:26.077+0800: 1.470: [CMS-concurrent-sweep: 0.002/0.002 secs] [Times: user=0.00 sys=0.00, real=0.00 secs] 
2022-12-18T18:53:26.077+0800: 1.470: [CMS-concurrent-reset-start]
2022-12-18T18:53:26.077+0800: 1.470: [CMS-concurrent-reset: 0.000/0.000 secs] [Times: user=0.00 sys=0.00, real=0.00 secs] 
2022-12-18T18:53:26.108+0800: 1.501: [GC (Allocation Failure) 1.501: [ParNew: 6144K->639K(6144K), 0.0012042 secs] 14310K->9244K(19840K), 0.0012473 secs] [Times: user=0.00 sys=0.00, real=0.00 secs] 
2022-12-18T18:53:26.133+0800: 1.526: [GC (Allocation Failure) 1.526: [ParNew: 6143K->362K(6144K), 0.0011092 secs] 14748K->9144K(19840K), 0.0011431 secs] [Times: user=0.00 sys=0.00, real=0.00 secs] 
2022-12-18T18:53:26.180+0800: 1.573: [GC (Allocation Failure) 1.573: [ParNew: 5866K->640K(6144K), 0.0013684 secs] 14648K->9876K(19840K), 0.0014190 secs] [Times: user=0.00 sys=0.00, real=0.00 secs] 
2022-12-18T18:53:26.222+0800: 1.616: [GC (Allocation Failure) 1.616: [ParNew: 6144K->640K(6144K), 0.0016216 secs] 15380K->10850K(19840K), 0.0016696 secs] [Times: user=0.00 sys=0.00, real=0.00 secs] 
2022-12-18T18:53:26.263+0800: 1.656: [GC (Allocation Failure) 1.656: [ParNew: 6144K->640K(6144K), 0.0013467 secs] 16354K->11445K(19840K), 0.0013941 secs] [Times: user=0.00 sys=0.00, real=0.00 secs] 
2022-12-18T18:53:26.296+0800: 1.690: [GC (Allocation Failure) 1.690: [ParNew: 6144K->640K(6144K), 0.0013819 secs] 16949K->12329K(19840K), 0.0014278 secs] [Times: user=0.00 sys=0.00, real=0.00 secs] 
2022-12-18T18:53:26.298+0800: 1.692: [GC (CMS Initial Mark) [1 CMS-initial-mark: 11689K(13696K)] 12329K(19840K), 0.0003690 secs] [Times: user=0.00 sys=0.00, real=0.00 secs] 
2022-12-18T18:53:26.298+0800: 1.692: [CMS-concurrent-mark-start]
2022-12-18T18:53:26.303+0800: 1.696: [CMS-concurrent-mark: 0.004/0.004 secs] [Times: user=0.00 sys=0.00, real=0.00 secs] 
2022-12-18T18:53:26.303+0800: 1.696: [CMS-concurrent-preclean-start]
2022-12-18T18:53:26.303+0800: 1.697: [CMS-concurrent-preclean: 0.000/0.000 secs] [Times: user=0.00 sys=0.00, real=0.00 secs] 
2022-12-18T18:53:26.303+0800: 1.697: [GC (CMS Final Remark) [YG occupancy: 1082 K (6144 K)]1.697: [Rescan (parallel) , 0.0004321 secs]1.697: [weak refs processing, 0.0002266 secs]1.698: [class unloading, 0.0040275 secs]1.702: [scrub symbol table, 0.0034672 secs]1.705: [scrub string table, 0.0003239 secs][1 CMS-remark: 11689K(13696K)] 12771K(19840K), 0.0092858 secs] [Times: user=0.00 sys=0.00, real=0.01 secs] 
2022-12-18T18:53:26.313+0800: 1.706: [CMS-concurrent-sweep-start]
2022-12-18T18:53:26.315+0800: 1.709: [CMS-concurrent-sweep: 0.003/0.003 secs] [Times: user=0.00 sys=0.00, real=0.00 secs] 
2022-12-18T18:53:26.315+0800: 1.709: [CMS-concurrent-reset-start]
2022-12-18T18:53:26.315+0800: 1.709: [CMS-concurrent-reset: 0.000/0.000 secs] [Times: user=0.00 sys=0.00, real=0.00 secs] 
2022-12-18T18:53:26.344+0800: 1.738: [GC (Allocation Failure) 1.738: [ParNew: 6144K->639K(6144K), 0.0014122 secs] 16126K->11380K(19840K), 0.0014556 secs] [Times: user=0.00 sys=0.00, real=0.00 secs] 
2022-12-18T18:53:26.385+0800: 1.779: [GC (Allocation Failure) 1.779: [ParNew: 6143K->640K(6144K), 0.0012325 secs] 16884K->11789K(19840K), 0.0012678 secs] [Times: user=0.00 sys=0.00, real=0.00 secs] 
2022-12-18T18:53:26.432+0800: 1.826: [GC (Allocation Failure) 1.826: [ParNew: 6144K->640K(6144K), 0.0014426 secs] 17293K->12301K(19840K), 0.0015334 secs] [Times: user=0.00 sys=0.00, real=0.00 secs] 
Heap
 par new generation   total 6144K, used 3506K [0x00000000fec00000, 0x00000000ff2a0000, 0x00000000ff2a0000)
  eden space 5504K,  52% used [0x00000000fec00000, 0x00000000feecc8e8, 0x00000000ff160000)
  from space 640K, 100% used [0x00000000ff160000, 0x00000000ff200000, 0x00000000ff200000)
  to   space 640K,   0% used [0x00000000ff200000, 0x00000000ff200000, 0x00000000ff2a0000)
 concurrent mark-sweep generation total 13696K, used 11661K [0x00000000ff2a0000, 0x0000000100000000, 0x0000000100000000)
 Metaspace       used 29094K, capacity 31236K, committed 31488K, reserved 1077248K
  class space    used 3929K, capacity 4326K, committed 4352K, reserved 1048576K
