Java HotSpot(TM) 64-Bit Server VM (25.31-b07) for windows-amd64 JRE (1.8.0_31-b13), built on Dec 17 2014 21:00:28 by "java_re" with MS VC++ 10.0 (VS2010)
Memory: 4k page, physical 15987812k(8913468k free), swap 18347108k(6221476k free)
CommandLine flags: -XX:-BytecodeVerificationLocal -XX:-BytecodeVerificationRemote -XX:InitialHeapSize=20971520 -XX:+ManagementServer -XX:MaxHeapSize=20971520 -XX:+PrintGC -XX:+PrintGCDateStamps -XX:+PrintGCDetails -XX:+PrintGCTimeStamps -XX:TieredStopAtLevel=1 -XX:+UseCompressedClassPointers -XX:+UseCompressedOops -XX:-UseLargePagesIndividualAllocation -XX:+UseParallelGC 
2022-12-18T18:37:52.123+0800: 0.713: [GC (Allocation Failure) [PSYoungGen: 5632K->504K(6144K)] 5632K->1188K(19968K), 0.0012099 secs] [Times: user=0.00 sys=0.02, real=0.00 secs] 
2022-12-18T18:37:52.362+0800: 0.952: [GC (Allocation Failure) [PSYoungGen: 6133K->504K(6144K)] 6817K->1977K(19968K), 0.0010829 secs] [Times: user=0.00 sys=0.00, real=0.00 secs] 
2022-12-18T18:37:52.431+0800: 1.022: [GC (Allocation Failure) [PSYoungGen: 6136K->504K(6144K)] 7609K->2713K(19968K), 0.0012516 secs] [Times: user=0.00 sys=0.00, real=0.00 secs] 
2022-12-18T18:37:52.480+0800: 1.070: [GC (Allocation Failure) [PSYoungGen: 6136K->501K(6144K)] 8345K->3537K(19968K), 0.0013479 secs] [Times: user=0.00 sys=0.00, real=0.00 secs] 
2022-12-18T18:37:52.543+0800: 1.133: [GC (Allocation Failure) [PSYoungGen: 6133K->512K(6144K)] 9169K->4417K(19968K), 0.0012849 secs] [Times: user=0.00 sys=0.00, real=0.00 secs] 
2022-12-18T18:37:52.603+0800: 1.192: [GC (Allocation Failure) [PSYoungGen: 6144K->512K(4096K)] 10049K->5123K(17920K), 0.0010747 secs] [Times: user=0.00 sys=0.00, real=0.00 secs] 
2022-12-18T18:37:52.639+0800: 1.229: [GC (Allocation Failure) [PSYoungGen: 4096K->1024K(5120K)] 8707K->5907K(18944K), 0.0010304 secs] [Times: user=0.00 sys=0.00, real=0.00 secs] 
2022-12-18T18:37:52.670+0800: 1.260: [GC (Allocation Failure) [PSYoungGen: 4608K->1203K(5120K)] 9491K->6283K(18944K), 0.0010332 secs] [Times: user=0.00 sys=0.00, real=0.00 secs] 
2022-12-18T18:37:52.701+0800: 1.290: [GC (Allocation Failure) [PSYoungGen: 4787K->1096K(5120K)] 9867K->6393K(18944K), 0.0009198 secs] [Times: user=0.00 sys=0.00, real=0.00 secs] 
2022-12-18T18:37:52.729+0800: 1.319: [GC (Allocation Failure) [PSYoungGen: 4680K->915K(5120K)] 9977K->6635K(18944K), 0.0009203 secs] [Times: user=0.00 sys=0.00, real=0.00 secs] 
2022-12-18T18:37:52.757+0800: 1.347: [GC (Allocation Failure) [PSYoungGen: 4499K->756K(5120K)] 10219K->6889K(18944K), 0.0008874 secs] [Times: user=0.00 sys=0.00, real=0.00 secs] 
2022-12-18T18:37:52.769+0800: 1.359: [GC (GCLocker Initiated GC) [PSYoungGen: 4306K->896K(5120K)] 10494K->7282K(18944K), 0.0008943 secs] [Times: user=0.00 sys=0.00, real=0.00 secs] 
2022-12-18T18:37:52.783+0800: 1.373: [GC (Allocation Failure) [PSYoungGen: 4480K->917K(5120K)] 10929K->7634K(18944K), 0.0008664 secs] [Times: user=0.00 sys=0.00, real=0.00 secs] 
2022-12-18T18:37:52.796+0800: 1.386: [GC (Allocation Failure) [PSYoungGen: 4501K->859K(5120K)] 11218K->7780K(18944K), 0.0007474 secs] [Times: user=0.00 sys=0.00, real=0.00 secs] 
2022-12-18T18:37:52.811+0800: 1.401: [GC (Allocation Failure) [PSYoungGen: 4443K->870K(5120K)] 11364K->7942K(18944K), 0.0008203 secs] [Times: user=0.00 sys=0.00, real=0.00 secs] 
2022-12-18T18:37:52.824+0800: 1.413: [GC (Allocation Failure) [PSYoungGen: 4443K->828K(5120K)] 11516K->8084K(18944K), 0.0009358 secs] [Times: user=0.00 sys=0.00, real=0.00 secs] 
2022-12-18T18:37:52.835+0800: 1.425: [GC (Allocation Failure) [PSYoungGen: 4409K->839K(5120K)] 11665K->8294K(18944K), 0.0009001 secs] [Times: user=0.00 sys=0.00, real=0.00 secs] 
2022-12-18T18:37:52.847+0800: 1.437: [GC (Allocation Failure) [PSYoungGen: 4421K->828K(5120K)] 11876K->8461K(18944K), 0.0008865 secs] [Times: user=0.00 sys=0.00, real=0.00 secs] 
2022-12-18T18:37:52.860+0800: 1.450: [GC (Allocation Failure) [PSYoungGen: 4411K->850K(5120K)] 12044K->8640K(18944K), 0.0011562 secs] [Times: user=0.00 sys=0.00, real=0.00 secs] 
2022-12-18T18:37:52.875+0800: 1.464: [GC (Allocation Failure) [PSYoungGen: 4434K->785K(5120K)] 12224K->8779K(18944K), 0.0008813 secs] [Times: user=0.00 sys=0.00, real=0.00 secs] 
2022-12-18T18:37:52.901+0800: 1.490: [GC (Allocation Failure) [PSYoungGen: 4361K->702K(5120K)] 12355K->8850K(18944K), 0.0012141 secs] [Times: user=0.00 sys=0.00, real=0.00 secs] 
2022-12-18T18:37:52.961+0800: 1.550: [GC (Allocation Failure) [PSYoungGen: 4286K->1035K(5120K)] 12434K->9343K(18944K), 0.0011654 secs] [Times: user=0.00 sys=0.00, real=0.00 secs] 
2022-12-18T18:37:52.980+0800: 1.570: [GC (Allocation Failure) [PSYoungGen: 4619K->570K(5120K)] 12927K->9376K(18944K), 0.0011200 secs] [Times: user=0.00 sys=0.00, real=0.00 secs] 
2022-12-18T18:37:53.005+0800: 1.595: [GC (Allocation Failure) [PSYoungGen: 4154K->1021K(5120K)] 12960K->10098K(18944K), 0.0009922 secs] [Times: user=0.00 sys=0.00, real=0.00 secs] 
2022-12-18T18:37:53.033+0800: 1.623: [GC (Allocation Failure) [PSYoungGen: 4605K->727K(5120K)] 13682K->10306K(18944K), 0.0010396 secs] [Times: user=0.00 sys=0.00, real=0.00 secs] 
2022-12-18T18:37:53.056+0800: 1.647: [GC (Allocation Failure) [PSYoungGen: 4311K->694K(5120K)] 13890K->10537K(18944K), 0.0010518 secs] [Times: user=0.00 sys=0.00, real=0.00 secs] 
2022-12-18T18:37:53.081+0800: 1.670: [GC (Allocation Failure) [PSYoungGen: 4278K->704K(5120K)] 14121K->10787K(18944K), 0.0009740 secs] [Times: user=0.00 sys=0.00, real=0.00 secs] 
2022-12-18T18:37:53.105+0800: 1.696: [GC (Allocation Failure) [PSYoungGen: 4288K->656K(5120K)] 14371K->10979K(18944K), 0.0010691 secs] [Times: user=0.00 sys=0.00, real=0.00 secs] 
2022-12-18T18:37:53.135+0800: 1.726: [GC (Allocation Failure) [PSYoungGen: 4240K->736K(5120K)] 14563K->11299K(18944K), 0.0010437 secs] [Times: user=0.00 sys=0.00, real=0.00 secs] 
2022-12-18T18:37:53.157+0800: 1.747: [GC (Allocation Failure) [PSYoungGen: 4320K->848K(5120K)] 14883K->11628K(18944K), 0.0011543 secs] [Times: user=0.00 sys=0.00, real=0.00 secs] 
2022-12-18T18:37:53.185+0800: 1.776: [GC (Allocation Failure) [PSYoungGen: 4432K->757K(5120K)] 15212K->11721K(18944K), 0.0011171 secs] [Times: user=0.02 sys=0.00, real=0.00 secs] 
2022-12-18T18:37:53.210+0800: 1.800: [GC (Metadata GC Threshold) [PSYoungGen: 3487K->668K(5120K)] 14451K->12041K(18944K), 0.0012737 secs] [Times: user=0.00 sys=0.00, real=0.00 secs] 
2022-12-18T18:37:53.211+0800: 1.801: [Full GC (Metadata GC Threshold) [PSYoungGen: 668K->0K(5120K)] [ParOldGen: 11372K->7213K(13824K)] 12041K->7213K(18944K), [Metaspace: 20214K->20213K(1067008K)], 0.0322322 secs] [Times: user=0.00 sys=0.00, real=0.03 secs] 
2022-12-18T18:37:53.277+0800: 1.866: [GC (Allocation Failure) [PSYoungGen: 3584K->836K(5120K)] 10797K->8057K(18944K), 0.0012916 secs] [Times: user=0.00 sys=0.00, real=0.00 secs] 
2022-12-18T18:37:53.310+0800: 1.900: [GC (Allocation Failure) [PSYoungGen: 4420K->760K(5120K)] 11641K->8190K(18944K), 0.0011640 secs] [Times: user=0.00 sys=0.00, real=0.00 secs] 
2022-12-18T18:37:53.337+0800: 1.927: [GC (Allocation Failure) [PSYoungGen: 4344K->672K(5120K)] 11774K->8237K(18944K), 0.0011823 secs] [Times: user=0.00 sys=0.00, real=0.00 secs] 
2022-12-18T18:37:53.367+0800: 1.958: [GC (Allocation Failure) [PSYoungGen: 4244K->977K(5120K)] 11810K->8838K(18944K), 0.0011002 secs] [Times: user=0.00 sys=0.00, real=0.00 secs] 
2022-12-18T18:37:53.395+0800: 1.986: [GC (Allocation Failure) [PSYoungGen: 4561K->800K(5120K)] 12422K->8987K(18944K), 0.0013331 secs] [Times: user=0.00 sys=0.00, real=0.00 secs] 
2022-12-18T18:37:53.420+0800: 2.010: [GC (Allocation Failure) [PSYoungGen: 4384K->576K(5120K)] 12571K->9203K(18944K), 0.0012089 secs] [Times: user=0.00 sys=0.00, real=0.00 secs] 
2022-12-18T18:37:53.443+0800: 2.032: [GC (Allocation Failure) [PSYoungGen: 4160K->736K(5120K)] 12787K->9683K(18944K), 0.0012260 secs] [Times: user=0.00 sys=0.00, real=0.00 secs] 
2022-12-18T18:37:53.468+0800: 2.057: [GC (Allocation Failure) [PSYoungGen: 4320K->819K(5120K)] 13267K->10079K(18944K), 0.0011752 secs] [Times: user=0.00 sys=0.00, real=0.00 secs] 
2022-12-18T18:37:53.492+0800: 2.082: [GC (Allocation Failure) [PSYoungGen: 4403K->795K(5120K)] 13663K->10270K(18944K), 0.0011483 secs] [Times: user=0.00 sys=0.00, real=0.00 secs] 
2022-12-18T18:37:53.518+0800: 2.108: [GC (Allocation Failure) [PSYoungGen: 4379K->875K(5120K)] 13854K->10655K(18944K), 0.0012842 secs] [Times: user=0.00 sys=0.00, real=0.00 secs] 
2022-12-18T18:37:53.542+0800: 2.132: [GC (Allocation Failure) [PSYoungGen: 4459K->690K(5120K)] 14239K->10662K(18944K), 0.0012059 secs] [Times: user=0.00 sys=0.00, real=0.00 secs] 
2022-12-18T18:37:53.554+0800: 2.144: [GC (Allocation Failure) [PSYoungGen: 4274K->480K(5120K)] 14246K->10595K(18944K), 0.0010167 secs] [Times: user=0.00 sys=0.00, real=0.00 secs] 
2022-12-18T18:37:53.614+0800: 2.204: [GC (Allocation Failure) [PSYoungGen: 4064K->868K(5120K)] 14179K->11105K(18944K), 0.0014014 secs] [Times: user=0.00 sys=0.00, real=0.00 secs] 
2022-12-18T18:37:53.655+0800: 2.245: [GC (Allocation Failure) [PSYoungGen: 4452K->780K(5120K)] 14689K->11481K(18944K), 0.0014859 secs] [Times: user=0.00 sys=0.00, real=0.00 secs] 
2022-12-18T18:37:53.685+0800: 2.274: [GC (Allocation Failure) [PSYoungGen: 4364K->846K(5120K)] 15065K->11851K(18944K), 0.0012745 secs] [Times: user=0.00 sys=0.00, real=0.00 secs] 
2022-12-18T18:37:53.711+0800: 2.302: [GC (Allocation Failure) [PSYoungGen: 4430K->640K(5120K)] 15435K->11941K(18944K), 0.0012509 secs] [Times: user=0.00 sys=0.00, real=0.00 secs] 
2022-12-18T18:37:53.741+0800: 2.331: [GC (Allocation Failure) [PSYoungGen: 4224K->710K(5120K)] 15525K->12363K(18944K), 0.0014928 secs] [Times: user=0.00 sys=0.00, real=0.00 secs] 
2022-12-18T18:37:53.763+0800: 2.353: [GC (Allocation Failure) [PSYoungGen: 4294K->845K(5120K)] 15947K->12858K(18944K), 0.0014710 secs] [Times: user=0.00 sys=0.00, real=0.00 secs] 
2022-12-18T18:37:53.790+0800: 2.380: [GC (Allocation Failure) [PSYoungGen: 4429K->853K(5120K)] 16442K->13190K(18944K), 0.0015047 secs] [Times: user=0.00 sys=0.00, real=0.00 secs] 
2022-12-18T18:37:53.818+0800: 2.407: [GC (Allocation Failure) [PSYoungGen: 4437K->704K(5120K)] 16774K->13401K(18944K), 0.0014208 secs] [Times: user=0.00 sys=0.00, real=0.00 secs] 
2022-12-18T18:37:53.847+0800: 2.437: [GC (Allocation Failure) [PSYoungGen: 4288K->760K(5120K)] 16985K->13673K(18944K), 0.0015240 secs] [Times: user=0.00 sys=0.00, real=0.00 secs] 
2022-12-18T18:37:53.878+0800: 2.468: [GC (Allocation Failure) [PSYoungGen: 4344K->784K(5632K)] 17257K->13969K(19456K), 0.0015316 secs] [Times: user=0.00 sys=0.00, real=0.00 secs] 
2022-12-18T18:37:53.943+0800: 2.533: [GC (Allocation Failure) [PSYoungGen: 5392K->640K(5632K)] 18577K->14161K(19456K), 0.0015902 secs] [Times: user=0.00 sys=0.00, real=0.00 secs] 
2022-12-18T18:37:53.945+0800: 2.535: [Full GC (Ergonomics) [PSYoungGen: 640K->0K(5632K)] [ParOldGen: 13521K->10009K(13824K)] 14161K->10009K(19456K), [Metaspace: 28966K->28964K(1077248K)], 0.0379027 secs] [Times: user=0.02 sys=0.00, real=0.04 secs] 
Heap
 PSYoungGen      total 5632K, used 2254K [0x00000000ff980000, 0x0000000100000000, 0x0000000100000000)
  eden space 4608K, 48% used [0x00000000ff980000,0x00000000ffbb38c0,0x00000000ffe00000)
  from space 1024K, 0% used [0x00000000ffe00000,0x00000000ffe00000,0x00000000fff00000)
  to   space 1024K, 0% used [0x00000000fff00000,0x00000000fff00000,0x0000000100000000)
 ParOldGen       total 13824K, used 10009K [0x00000000fec00000, 0x00000000ff980000, 0x00000000ff980000)
  object space 13824K, 72% used [0x00000000fec00000,0x00000000ff5c67c0,0x00000000ff980000)
 Metaspace       used 29117K, capacity 31236K, committed 31488K, reserved 1077248K
  class space    used 3930K, capacity 4326K, committed 4352K, reserved 1048576K
